[     814ms] [VERBOSE] [DOM] Input elements should have autocomplete attributes (suggested: "current-password"): (More info: https://goo.gl/9p2vKq) %o @ https://zenodo.org/login/?next=%2Fuploads%2Fnew:0
[   30840ms] [ERROR] Refused to apply style from 'https://zenodo.org/communities/community-theme-.css/' because its MIME type ('text/html') is not a supported stylesheet MIME type, and strict MIME checking is enabled. @ https://zenodo.org/uploads/new:0
[   34430ms] [WARNING] {templateLoaders: Array(3), sections: Array(2), record: Object, children: null, discoverSectionLabel: Domain specific fields} @ https://zenodo.org/static/dist/js/1057.2081eb592a388c85894c.js:1
[  360738ms] TypeError: e.replace is not a function
    at Pr (https://zenodo.org/static/dist/js/1057.2081eb592a388c85894c.js:2:905024)
    at https://zenodo.org/static/dist/js/1057.2081eb592a388c85894c.js:2:1047531
    at https://zenodo.org/static/dist/js/1057.2081eb592a388c85894c.js:2:1048067
    at H.map (https://zenodo.org/static/dist/js/1057.2081eb592a388c85894c.js:2:883524)
    at Fv (https://zenodo.org/static/dist/js/1057.2081eb592a388c85894c.js:2:1047274)
    at Object.setContent (https://zenodo.org/static/dist/js/1057.2081eb592a388c85894c.js:2:1113613)
    at https://zenodo.org/static/dist/js/1057.2081eb592a388c85894c.js:2:1127874
    at https://zenodo.org/static/dist/js/1057.2081eb592a388c85894c.js:2:1127890
    at Object.map (https://zenodo.org/static/dist/js/1057.2081eb592a388c85894c.js:2:965208)
    at ZC (https://zenodo.org/static/dist/js/1057.2081eb592a388c85894c.js:2:1127835)
[  399027ms] [ERROR] UNMOUNTED @ https://zenodo.org/static/dist/js/1057.2081eb592a388c85894c.js:1
[  399028ms] [ERROR] TypeError: Cannot read properties of undefined (reading 'map')
    at serializeSubjects (https://zenodo.org/static/dist/js/1057.2081eb592a388c85894c.js:2:111606)
    at Fe.executeSearch (https://zenodo.org/static/dist/js/1057.2081eb592a388c85894c.js:2:85707)
    at async Fe.onFocus (https://zenodo.org/static/dist/js/1057.2081eb592a388c85894c.js:2:87108) @ https://zenodo.org/static/dist/js/1057.2081eb592a388c85894c.js:1
[  403784ms] [ERROR] UNMOUNTED @ https://zenodo.org/static/dist/js/1057.2081eb592a388c85894c.js:1
[  403784ms] [ERROR] TypeError: Cannot read properties of undefined (reading 'map')
    at serializeSubjects (https://zenodo.org/static/dist/js/1057.2081eb592a388c85894c.js:2:111606)
    at Fe.executeSearch (https://zenodo.org/static/dist/js/1057.2081eb592a388c85894c.js:2:85707)
    at async Object.<anonymous> (https://zenodo.org/static/dist/js/1057.2081eb592a388c85894c.js:2:85464) @ https://zenodo.org/static/dist/js/1057.2081eb592a388c85894c.js:1
[  404186ms] [ERROR] UNMOUNTED @ https://zenodo.org/static/dist/js/1057.2081eb592a388c85894c.js:1
[  404187ms] [ERROR] TypeError: Cannot read properties of undefined (reading 'map')
    at serializeSubjects (https://zenodo.org/static/dist/js/1057.2081eb592a388c85894c.js:2:111606)
    at Fe.executeSearch (https://zenodo.org/static/dist/js/1057.2081eb592a388c85894c.js:2:85707)
    at async Fe.searchIfNoSuggestions (https://zenodo.org/static/dist/js/1057.2081eb592a388c85894c.js:2:85990)
    at async Fe.onSelectValue (https://zenodo.org/static/dist/js/1057.2081eb592a388c85894c.js:2:84998) @ https://zenodo.org/static/dist/js/1057.2081eb592a388c85894c.js:1
[  405521ms] [ERROR] UNMOUNTED @ https://zenodo.org/static/dist/js/1057.2081eb592a388c85894c.js:1
[  405521ms] [ERROR] TypeError: Cannot read properties of undefined (reading 'map')
    at serializeSubjects (https://zenodo.org/static/dist/js/1057.2081eb592a388c85894c.js:2:111606)
    at Fe.executeSearch (https://zenodo.org/static/dist/js/1057.2081eb592a388c85894c.js:2:85707)
    at async Object.<anonymous> (https://zenodo.org/static/dist/js/1057.2081eb592a388c85894c.js:2:85464) @ https://zenodo.org/static/dist/js/1057.2081eb592a388c85894c.js:1
[  407212ms] [ERROR] UNMOUNTED @ https://zenodo.org/static/dist/js/1057.2081eb592a388c85894c.js:1
[  407213ms] [ERROR] TypeError: Cannot read properties of undefined (reading 'map')
    at serializeSubjects (https://zenodo.org/static/dist/js/1057.2081eb592a388c85894c.js:2:111606)
    at Fe.executeSearch (https://zenodo.org/static/dist/js/1057.2081eb592a388c85894c.js:2:85707)
    at async Object.<anonymous> (https://zenodo.org/static/dist/js/1057.2081eb592a388c85894c.js:2:85464) @ https://zenodo.org/static/dist/js/1057.2081eb592a388c85894c.js:1
[  411501ms] [ERROR] UNMOUNTED @ https://zenodo.org/static/dist/js/1057.2081eb592a388c85894c.js:1
[  411501ms] [ERROR] TypeError: Cannot read properties of undefined (reading 'map')
    at serializeSubjects (https://zenodo.org/static/dist/js/1057.2081eb592a388c85894c.js:2:111606)
    at Fe.executeSearch (https://zenodo.org/static/dist/js/1057.2081eb592a388c85894c.js:2:85707)
    at async Object.<anonymous> (https://zenodo.org/static/dist/js/1057.2081eb592a388c85894c.js:2:85464) @ https://zenodo.org/static/dist/js/1057.2081eb592a388c85894c.js:1
[  415941ms] [ERROR] UNMOUNTED @ https://zenodo.org/static/dist/js/1057.2081eb592a388c85894c.js:1
[  415942ms] [ERROR] TypeError: Cannot read properties of undefined (reading 'map')
    at serializeSubjects (https://zenodo.org/static/dist/js/1057.2081eb592a388c85894c.js:2:111606)
    at Fe.executeSearch (https://zenodo.org/static/dist/js/1057.2081eb592a388c85894c.js:2:85707)
    at async Fe.searchIfNoSuggestions (https://zenodo.org/static/dist/js/1057.2081eb592a388c85894c.js:2:85990)
    at async Fe.onSelectValue (https://zenodo.org/static/dist/js/1057.2081eb592a388c85894c.js:2:84998) @ https://zenodo.org/static/dist/js/1057.2081eb592a388c85894c.js:1
[  416995ms] [ERROR] UNMOUNTED @ https://zenodo.org/static/dist/js/1057.2081eb592a388c85894c.js:1
[  416995ms] [ERROR] TypeError: Cannot read properties of undefined (reading 'map')
    at serializeSubjects (https://zenodo.org/static/dist/js/1057.2081eb592a388c85894c.js:2:111606)
    at Fe.executeSearch (https://zenodo.org/static/dist/js/1057.2081eb592a388c85894c.js:2:85707)
    at async Object.<anonymous> (https://zenodo.org/static/dist/js/1057.2081eb592a388c85894c.js:2:85464) @ https://zenodo.org/static/dist/js/1057.2081eb592a388c85894c.js:1
[  417771ms] [ERROR] UNMOUNTED @ https://zenodo.org/static/dist/js/1057.2081eb592a388c85894c.js:1
[  417771ms] [ERROR] TypeError: Cannot read properties of undefined (reading 'map')
    at serializeSubjects (https://zenodo.org/static/dist/js/1057.2081eb592a388c85894c.js:2:111606)
    at Fe.executeSearch (https://zenodo.org/static/dist/js/1057.2081eb592a388c85894c.js:2:85707)
    at async Object.<anonymous> (https://zenodo.org/static/dist/js/1057.2081eb592a388c85894c.js:2:85464) @ https://zenodo.org/static/dist/js/1057.2081eb592a388c85894c.js:1
[  418255ms] [ERROR] UNMOUNTED @ https://zenodo.org/static/dist/js/1057.2081eb592a388c85894c.js:1
[  418256ms] [ERROR] TypeError: Cannot read properties of undefined (reading 'map')
    at serializeSubjects (https://zenodo.org/static/dist/js/1057.2081eb592a388c85894c.js:2:111606)
    at Fe.executeSearch (https://zenodo.org/static/dist/js/1057.2081eb592a388c85894c.js:2:85707)
    at async Object.<anonymous> (https://zenodo.org/static/dist/js/1057.2081eb592a388c85894c.js:2:85464) @ https://zenodo.org/static/dist/js/1057.2081eb592a388c85894c.js:1
[  424026ms] [ERROR] UNMOUNTED @ https://zenodo.org/static/dist/js/1057.2081eb592a388c85894c.js:1
[  424026ms] [ERROR] TypeError: Cannot read properties of undefined (reading 'map')
    at serializeSubjects (https://zenodo.org/static/dist/js/1057.2081eb592a388c85894c.js:2:111606)
    at Fe.executeSearch (https://zenodo.org/static/dist/js/1057.2081eb592a388c85894c.js:2:85707)
    at async Fe.searchIfNoSuggestions (https://zenodo.org/static/dist/js/1057.2081eb592a388c85894c.js:2:85990)
    at async Fe.onSelectValue (https://zenodo.org/static/dist/js/1057.2081eb592a388c85894c.js:2:84998) @ https://zenodo.org/static/dist/js/1057.2081eb592a388c85894c.js:1
[  432047ms] [ERROR] UNMOUNTED @ https://zenodo.org/static/dist/js/1057.2081eb592a388c85894c.js:1
[  432047ms] [ERROR] TypeError: Cannot read properties of undefined (reading 'map')
    at serializeSubjects (https://zenodo.org/static/dist/js/1057.2081eb592a388c85894c.js:2:111606)
    at Fe.executeSearch (https://zenodo.org/static/dist/js/1057.2081eb592a388c85894c.js:2:85707)
    at async Fe.searchIfNoSuggestions (https://zenodo.org/static/dist/js/1057.2081eb592a388c85894c.js:2:85990)
    at async Fe.onSelectValue (https://zenodo.org/static/dist/js/1057.2081eb592a388c85894c.js:2:84998) @ https://zenodo.org/static/dist/js/1057.2081eb592a388c85894c.js:1
[  444560ms] [ERROR] UNMOUNTED @ https://zenodo.org/static/dist/js/1057.2081eb592a388c85894c.js:1
[  444560ms] [ERROR] TypeError: Cannot read properties of undefined (reading 'map')
    at serializeSubjects (https://zenodo.org/static/dist/js/1057.2081eb592a388c85894c.js:2:111606)
    at Fe.executeSearch (https://zenodo.org/static/dist/js/1057.2081eb592a388c85894c.js:2:85707)
    at async Object.<anonymous> (https://zenodo.org/static/dist/js/1057.2081eb592a388c85894c.js:2:85464) @ https://zenodo.org/static/dist/js/1057.2081eb592a388c85894c.js:1
[  445533ms] [ERROR] UNMOUNTED @ https://zenodo.org/static/dist/js/1057.2081eb592a388c85894c.js:1
[  445533ms] [ERROR] TypeError: Cannot read properties of undefined (reading 'map')
    at serializeSubjects (https://zenodo.org/static/dist/js/1057.2081eb592a388c85894c.js:2:111606)
    at Fe.executeSearch (https://zenodo.org/static/dist/js/1057.2081eb592a388c85894c.js:2:85707)
    at async Object.<anonymous> (https://zenodo.org/static/dist/js/1057.2081eb592a388c85894c.js:2:85464) @ https://zenodo.org/static/dist/js/1057.2081eb592a388c85894c.js:1
[  445741ms] [ERROR] UNMOUNTED @ https://zenodo.org/static/dist/js/1057.2081eb592a388c85894c.js:1
[  445741ms] [ERROR] TypeError: Cannot read properties of undefined (reading 'map')
    at serializeSubjects (https://zenodo.org/static/dist/js/1057.2081eb592a388c85894c.js:2:111606)
    at Fe.executeSearch (https://zenodo.org/static/dist/js/1057.2081eb592a388c85894c.js:2:85707)
    at async Object.<anonymous> (https://zenodo.org/static/dist/js/1057.2081eb592a388c85894c.js:2:85464) @ https://zenodo.org/static/dist/js/1057.2081eb592a388c85894c.js:1
[  447366ms] [ERROR] UNMOUNTED @ https://zenodo.org/static/dist/js/1057.2081eb592a388c85894c.js:1
[  447367ms] [ERROR] TypeError: Cannot read properties of undefined (reading 'map')
    at serializeSubjects (https://zenodo.org/static/dist/js/1057.2081eb592a388c85894c.js:2:111606)
    at Fe.executeSearch (https://zenodo.org/static/dist/js/1057.2081eb592a388c85894c.js:2:85707)
    at async Object.<anonymous> (https://zenodo.org/static/dist/js/1057.2081eb592a388c85894c.js:2:85464) @ https://zenodo.org/static/dist/js/1057.2081eb592a388c85894c.js:1
[  449786ms] [ERROR] UNMOUNTED @ https://zenodo.org/static/dist/js/1057.2081eb592a388c85894c.js:1
[  449786ms] [ERROR] TypeError: Cannot read properties of undefined (reading 'map')
    at serializeSubjects (https://zenodo.org/static/dist/js/1057.2081eb592a388c85894c.js:2:111606)
    at Fe.executeSearch (https://zenodo.org/static/dist/js/1057.2081eb592a388c85894c.js:2:85707)
    at async Object.<anonymous> (https://zenodo.org/static/dist/js/1057.2081eb592a388c85894c.js:2:85464) @ https://zenodo.org/static/dist/js/1057.2081eb592a388c85894c.js:1
[  456248ms] [ERROR] UNMOUNTED @ https://zenodo.org/static/dist/js/1057.2081eb592a388c85894c.js:1
[  456248ms] [ERROR] TypeError: Cannot read properties of undefined (reading 'map')
    at serializeSubjects (https://zenodo.org/static/dist/js/1057.2081eb592a388c85894c.js:2:111606)
    at Fe.executeSearch (https://zenodo.org/static/dist/js/1057.2081eb592a388c85894c.js:2:85707)
    at async Object.<anonymous> (https://zenodo.org/static/dist/js/1057.2081eb592a388c85894c.js:2:85464) @ https://zenodo.org/static/dist/js/1057.2081eb592a388c85894c.js:1
